[INFO] Scanning for projects...
[INFO] 
[INFO] ---------------------< com.primevideo:primevideo >----------------------
[INFO] Building Prime Video Clone 1.0.0
[INFO]   from pom.xml
[INFO] --------------------------------[ jar ]---------------------------------
[INFO] 
[INFO] --- resources:3.3.1:resources (default-resources) @ primevideo ---
[INFO] Copying 1 resource from src\main\resources to target\classes
[INFO] Copying 16 resources from src\main\resources to target\classes
[INFO] 
[INFO] --- compiler:3.11.0:compile (default-compile) @ primevideo ---
[INFO] Changes detected - recompiling the module! :source
[INFO] Compiling 68 source files with javac [debug release 17] to target\classes
./mvnw : WARNING: A terminally deprecated method in sun.misc.Unsafe has been called
Au caractère Ligne:1 : 1
+ ./mvnw compile > compile_errors.txt 2>&1
+ ~~~~~~~~~~~~~~~~~~~~~~~~~~~~~~~~~~~~~~~~
    + CategoryInfo          : NotSpecified: (WARNING: A term...has been called:String) [], RemoteException
    + FullyQualifiedErrorId : NativeCommandError
 
WARNING: sun.misc.Unsafe::objectFieldOffset has been called by lombok.permit.Permit
WARNING: Please consider reporting this to the maintainers of class lombok.permit.Permit
WARNING: sun.misc.Unsafe::objectFieldOffset will be removed in a future release
[INFO] -------------------------------------------------------------
[WARNING] COMPILATION WARNING : 
[INFO] -------------------------------------------------------------
[WARNING] /D:/KEYCE/B2B/SEMESTRE 2/JAVA SPRING BOOT/TP/primevideo_1/primevideo_1/primevideo/src/main/java/com/primevideo/dto/response/AuthResponse.java:[28,20] @Builder will ignore the initializing expression entirely. If you want the initializing expression to serve as default, add @Builder.Default. If it is not supposed to be settable during building, make the field final.
[INFO] 1 warning
[INFO] -------------------------------------------------------------
[INFO] -------------------------------------------------------------
[ERROR] COMPILATION ERROR : 
[INFO] -------------------------------------------------------------
[ERROR] /D:/KEYCE/B2B/SEMESTRE 2/JAVA SPRING BOOT/TP/primevideo_1/primevideo_1/primevideo/src/main/java/com/primevideo/controller/AuthController.java:[164,72] cannot find symbol
  symbol:   class RefreshTokenRequest
  location: class com.primevideo.controller.AuthController
[ERROR] /D:/KEYCE/B2B/SEMESTRE 2/JAVA SPRING BOOT/TP/primevideo_1/primevideo_1/primevideo/src/main/java/com/primevideo/controller/AuthController.java:[173,73] cannot find symbol
  symbol:   class ForgotPasswordRequest
  location: class com.primevideo.controller.AuthController
[ERROR] /D:/KEYCE/B2B/SEMESTRE 2/JAVA SPRING BOOT/TP/primevideo_1/primevideo_1/primevideo/src/main/java/com/primevideo/controller/AuthController.java:[183,72] cannot find symbol
  symbol:   class ResetPasswordRequest
  location: class com.primevideo.controller.AuthController
[ERROR] /D:/KEYCE/B2B/SEMESTRE 2/JAVA SPRING BOOT/TP/primevideo_1/primevideo_1/primevideo/src/main/java/com/primevideo/controller/AuthController.java:[193,77] cannot find symbol
  symbol:   class MfaChallengeRequest
  location: class com.primevideo.controller.AuthController
[ERROR] /D:/KEYCE/B2B/SEMESTRE 2/JAVA SPRING BOOT/TP/primevideo_1/primevideo_1/primevideo/src/main/java/com/primevideo/controller/AuthController.java:[206,27] cannot find symbol
  symbol:   class MfaSetupResponse
  location: class com.primevideo.controller.AuthController
[ERROR] /D:/KEYCE/B2B/SEMESTRE 2/JAVA SPRING BOOT/TP/primevideo_1/primevideo_1/primevideo/src/main/java/com/primevideo/controller/AuthController.java:[215,103] cannot find symbol
  symbol:   class MfaVerifyRequest
  location: class com.primevideo.controller.AuthController
[ERROR] /D:/KEYCE/B2B/SEMESTRE 2/JAVA SPRING BOOT/TP/primevideo_1/primevideo_1/primevideo/src/main/java/com/primevideo/service/AuthService.java:[45,19] cannot find symbol
  symbol:   class DeviceRepository
  location: class com.primevideo.service.AuthService
[ERROR] /D:/KEYCE/B2B/SEMESTRE 2/JAVA SPRING BOOT/TP/primevideo_1/primevideo_1/primevideo/src/main/java/com/primevideo/service/AuthService.java:[217,12] cannot find symbol
  symbol:   class MfaSetupResponse
  location: class com.primevideo.service.AuthService
[ERROR] /D:/KEYCE/B2B/SEMESTRE 2/JAVA SPRING BOOT/TP/primevideo_1/primevideo_1/primevideo/src/main/java/com/primevideo/service/AuthService.java:[238,53] cannot find symbol
  symbol:   class List
  location: class com.primevideo.service.AuthService
[ERROR] /D:/KEYCE/B2B/SEMESTRE 2/JAVA SPRING BOOT/TP/primevideo_1/primevideo_1/primevideo/src/main/java/com/primevideo/service/AuthService.java:[40,1] cannot find symbol
  symbol:   class DeviceRepository
  location: class com.primevideo.service.AuthService
[ERROR] /D:/KEYCE/B2B/SEMESTRE 2/JAVA SPRING BOOT/TP/primevideo_1/primevideo_1/primevideo/src/main/java/com/primevideo/service/PlaybackService.java:[9,33] cannot find symbol
  symbol:   class EpisodeRepository
  location: package com.primevideo.repository
[ERROR] /D:/KEYCE/B2B/SEMESTRE 2/JAVA SPRING BOOT/TP/primevideo_1/primevideo_1/primevideo/src/main/java/com/primevideo/service/PlaybackService.java:[27,19] cannot find symbol
  symbol:   class EpisodeRepository
  location: class com.primevideo.service.PlaybackService
[ERROR] /D:/KEYCE/B2B/SEMESTRE 2/JAVA SPRING BOOT/TP/primevideo_1/primevideo_1/primevideo/src/main/java/com/primevideo/service/PlaybackService.java:[20,1] cannot find symbol
  symbol:   class EpisodeRepository
  location: class com.primevideo.service.PlaybackService
[ERROR] /D:/KEYCE/B2B/SEMESTRE 2/JAVA SPRING BOOT/TP/primevideo_1/primevideo_1/primevideo/src/main/java/com/primevideo/controller/ImageSearchController.java:[13,2] cannot find symbol
  symbol: class Slf4j
[ERROR] /D:/KEYCE/B2B/SEMESTRE 2/JAVA SPRING BOOT/TP/primevideo_1/primevideo_1/primevideo/src/main/java/com/primevideo/entity/LiveEvent.java:[18,6] cannot find symbol
  symbol:   class NotBlank
  location: class com.primevideo.entity.LiveEvent
[INFO] 15 errors 
[INFO] -------------------------------------------------------------
[INFO] ------------------------------------------------------------------------
[INFO] BUILD FAILURE
[INFO] ------------------------------------------------------------------------
[INFO] Total time:  24.467 s
[INFO] Finished at: 2026-05-12T21:10:39+01:00
[INFO] ------------------------------------------------------------------------
[ERROR] Failed to execute goal org.apache.maven.plugins:maven-compiler-plugin:3.11.0:compile (default-compile) on project primevideo: Compilation failure: Compilation failure: 
[ERROR] /D:/KEYCE/B2B/SEMESTRE 2/JAVA SPRING BOOT/TP/primevideo_1/primevideo_1/primevideo/src/main/java/com/primevideo/controller/AuthController.java:[164,72] cannot find symbol
[ERROR]   symbol:   class RefreshTokenRequest
[ERROR]   location: class com.primevideo.controller.AuthController
[ERROR] /D:/KEYCE/B2B/SEMESTRE 2/JAVA SPRING BOOT/TP/primevideo_1/primevideo_1/primevideo/src/main/java/com/primevideo/controller/AuthController.java:[173,73] cannot find symbol
[ERROR]   symbol:   class ForgotPasswordRequest
[ERROR]   location: class com.primevideo.controller.AuthController
[ERROR] /D:/KEYCE/B2B/SEMESTRE 2/JAVA SPRING BOOT/TP/primevideo_1/primevideo_1/primevideo/src/main/java/com/primevideo/controller/AuthController.java:[183,72] cannot find symbol
[ERROR]   symbol:   class ResetPasswordRequest
[ERROR]   location: class com.primevideo.controller.AuthController
[ERROR] /D:/KEYCE/B2B/SEMESTRE 2/JAVA SPRING BOOT/TP/primevideo_1/primevideo_1/primevideo/src/main/java/com/primevideo/controller/AuthController.java:[193,77] cannot find symbol
[ERROR]   symbol:   class MfaChallengeRequest
[ERROR]   location: class com.primevideo.controller.AuthController
[ERROR] /D:/KEYCE/B2B/SEMESTRE 2/JAVA SPRING BOOT/TP/primevideo_1/primevideo_1/primevideo/src/main/java/com/primevideo/controller/AuthController.java:[206,27] cannot find symbol
[ERROR]   symbol:   class MfaSetupResponse
[ERROR]   location: class com.primevideo.controller.AuthController
[ERROR] /D:/KEYCE/B2B/SEMESTRE 2/JAVA SPRING BOOT/TP/primevideo_1/primevideo_1/primevideo/src/main/java/com/primevideo/controller/AuthController.java:[215,103] cannot find symbol
[ERROR]   symbol:   class MfaVerifyRequest
[ERROR]   location: class com.primevideo.controller.AuthController
[ERROR] /D:/KEYCE/B2B/SEMESTRE 2/JAVA SPRING BOOT/TP/primevideo_1/primevideo_1/primevideo/src/main/java/com/primevideo/service/AuthService.java:[45,19] cannot find symbol
[ERROR]   symbol:   class DeviceRepository
[ERROR]   location: class com.primevideo.service.AuthService
[ERROR] /D:/KEYCE/B2B/SEMESTRE 2/JAVA SPRING BOOT/TP/primevideo_1/primevideo_1/primevideo/src/main/java/com/primevideo/service/AuthService.java:[217,12] cannot find symbol
[ERROR]   symbol:   class MfaSetupResponse
[ERROR]   location: class com.primevideo.service.AuthService
[ERROR] /D:/KEYCE/B2B/SEMESTRE 2/JAVA SPRING BOOT/TP/primevideo_1/primevideo_1/primevideo/src/main/java/com/primevideo/service/AuthService.java:[238,53] cannot find symbol
[ERROR]   symbol:   class List
[ERROR]   location: class com.primevideo.service.AuthService
[ERROR] /D:/KEYCE/B2B/SEMESTRE 2/JAVA SPRING BOOT/TP/primevideo_1/primevideo_1/primevideo/src/main/java/com/primevideo/service/AuthService.java:[40,1] cannot find symbol
[ERROR]   symbol:   class DeviceRepository
[ERROR]   location: class com.primevideo.service.AuthService
[ERROR] /D:/KEYCE/B2B/SEMESTRE 2/JAVA SPRING BOOT/TP/primevideo_1/primevideo_1/primevideo/src/main/java/com/primevideo/service/PlaybackService.java:[9,33] cannot find symbol
[ERROR]   symbol:   class EpisodeRepository
[ERROR]   location: package com.primevideo.repository
[ERROR] /D:/KEYCE/B2B/SEMESTRE 2/JAVA SPRING BOOT/TP/primevideo_1/primevideo_1/primevideo/src/main/java/com/primevideo/service/PlaybackService.java:[27,19] cannot find symbol
[ERROR]   symbol:   class EpisodeRepository
[ERROR]   location: class com.primevideo.service.PlaybackService
[ERROR] /D:/KEYCE/B2B/SEMESTRE 2/JAVA SPRING BOOT/TP/primevideo_1/primevideo_1/primevideo/src/main/java/com/primevideo/service/PlaybackService.java:[20,1] cannot find symbol
[ERROR]   symbol:   class EpisodeRepository
[ERROR]   location: class com.primevideo.service.PlaybackService
[ERROR] /D:/KEYCE/B2B/SEMESTRE 2/JAVA SPRING BOOT/TP/primevideo_1/primevideo_1/primevideo/src/main/java/com/primevideo/controller/ImageSearchController.java:[13,2] cannot find symbol
[ERROR]   symbol: class Slf4j
[ERROR] /D:/KEYCE/B2B/SEMESTRE 2/JAVA SPRING BOOT/TP/primevideo_1/primevideo_1/primevideo/src/main/java/com/primevideo/entity/LiveEvent.java:[18,6] cannot find symbol
[ERROR]   symbol:   class NotBlank
[ERROR]   location: class com.primevideo.entity.LiveEvent
[ERROR] -> [Help 1]
[ERROR] 
[ERROR] To see the full stack trace of the errors, re-run Maven with the -e switch.
[ERROR] Re-run Maven using the -X switch to enable full debug logging.
[ERROR] 
[ERROR] For more information about the errors and possible solutions, please read the following articles:
[ERROR] [Help 1] http://cwiki.apache.org/confluence/display/MAVEN/MojoFailureException
